[2025-10-10 16:30:53] [RUN] Comenzando RUN_LLAMAR para '567'...
[2025-10-10 16:30:53] [DBG] [EVT] CALL_START @ 16:07:29 | to=567
[2025-10-10 16:30:53] [DBG] [EVT] CALL_END_OK @ 16:08:22
[2025-10-10 16:30:53] [RUN] Terminada RUN_LLAMAR
[2025-10-10 16:30:53] [RUN] Esperando 5.0s...
[2025-10-10 16:30:53] [RUN] Comenzando RUN_LLAMAR para '567'...
[2025-10-10 16:30:53] [DBG] [EVT] CALL_START @ 16:08:29 | to=567
[2025-10-10 16:30:53] [DBG] [EVT] CALL_END_OK @ 16:09:23
[2025-10-10 16:30:53] [RUN] Terminada RUN_LLAMAR
[2025-10-10 16:30:53] [RUN] Esperando 5.0s...
[2025-10-10 16:30:53] [RUN] Comenzando RUN_LLAMAR para '567'...
[2025-10-10 16:30:53] [DBG] [EVT] CALL_START @ 16:09:30 | to=567
[2025-10-10 16:30:53] [DBG] [EVT] CALL_NO_ANSWER_TIMEOUT @ 16:10:08 | last_phase=UNKNOWN saw_timer=False
[2025-10-10 16:30:53] [RUN] Terminada RUN_LLAMAR
[2025-10-10 16:30:53] [RUN] Esperando 5.0s...
[2025-10-10 16:30:53] [RUN] Comenzando RUN_LLAMAR para '567'...
[2025-10-10 16:30:53] [DBG] [EVT] CALL_START @ 16:10:15 | to=567
[2025-10-10 16:30:53] [DBG] [EVT] CALL_END_OK @ 16:11:16
[2025-10-10 16:30:53] [RUN] Terminada RUN_LLAMAR
[2025-10-10 16:30:53] [RUN] Esperando 5.0s...
[2025-10-10 16:30:53] [RUN] Comenzando RUN_LLAMAR para '567'...
[2025-10-10 16:30:53] [DBG] [EVT] CALL_START @ 16:11:24 | to=567
[2025-10-10 16:30:53] [DBG] [EVT] CALL_END_OK @ 16:12:36
[2025-10-10 16:30:53] [RUN] Terminada RUN_LLAMAR
[2025-10-10 16:30:53] [RUN] Esperando 5.0s...
[2025-10-10 16:30:53] [RUN] Comenzando RUN_LLAMAR para '567'...
[2025-10-10 16:30:53] [DBG] [EVT] CALL_START @ 16:12:43 | to=567
[2025-10-10 16:30:53] [DBG] [EVT] CALL_END_OK @ 16:13:37
[2025-10-10 16:30:53] [RUN] Terminada RUN_LLAMAR
[2025-10-10 16:30:53] [RUN] Esperando 5.0s...
[2025-10-10 16:30:53] [RUN] Comenzando RUN_LLAMAR para '567'...
[2025-10-10 16:30:53] [DBG] [EVT] CALL_START @ 16:13:44 | to=567
[2025-10-10 16:30:53] [DBG] [EVT] CALL_END_OK @ 16:14:37
[2025-10-10 16:30:53] [RUN] Terminada RUN_LLAMAR
[2025-10-10 16:30:53] [RUN] Esperando 5.0s...
[2025-10-10 16:30:53] [RUN] Comenzando RUN_LLAMAR para '567'...
[2025-10-10 16:30:53] [DBG] [EVT] CALL_START @ 16:14:44 | to=567
[2025-10-10 16:30:53] [DBG] [EVT] CALL_END_OK @ 16:15:37
[2025-10-10 16:30:53] [RUN] Terminada RUN_LLAMAR
[2025-10-10 16:30:53] [RUN] Esperando 5.0s...
[2025-10-10 16:30:53] [RUN] Comenzando RUN_LLAMAR para '567'...
[2025-10-10 16:30:53] [DBG] [EVT] CALL_START @ 16:15:45 | to=567
[2025-10-10 16:30:53] [DBG] [EVT] CALL_END_OK @ 16:16:38
[2025-10-10 16:30:53] [RUN] Terminada RUN_LLAMAR
[2025-10-10 16:30:53] [RUN] Esperando 5.0s...
[2025-10-10 16:30:53] [RUN] Comenzando RUN_LLAMAR para '567'...
[2025-10-10 16:30:53] [DBG] [EVT] CALL_START @ 16:16:45 | to=567
[2025-10-10 16:30:53] [DBG] [EVT] CALL_END_OK @ 16:17:39
[2025-10-10 16:30:53] [RUN] Terminada RUN_LLAMAR
[2025-10-10 16:30:53] [RUN] Esperando 5.0s...
[2025-10-10 16:30:53] [RUN] Comenzando RUN_LLAMAR para '567'...
[2025-10-10 16:30:53] [DBG] [EVT] CALL_START @ 16:17:46 | to=567
[2025-10-10 16:30:53] [DBG] [EVT] CALL_END_OK @ 16:18:40
[2025-10-10 16:30:53] [RUN] Terminada RUN_LLAMAR
[2025-10-10 16:30:53] [RUN] Esperando 5.0s...
[2025-10-10 16:30:53] [RUN] Comenzando RUN_LLAMAR para '567'...
[2025-10-10 16:30:53] [DBG] [EVT] CALL_START @ 16:18:47 | to=567
[2025-10-10 16:30:53] [DBG] [EVT] CALL_END_OK @ 16:19:39
[2025-10-10 16:30:53] [RUN] Terminada RUN_LLAMAR
[2025-10-10 16:30:53] [RUN] Esperando 5.0s...
[2025-10-10 16:30:53] [RUN] Comenzando RUN_LLAMAR para '567'...
[2025-10-10 16:30:53] [DBG] [EVT] CALL_START @ 16:19:46 | to=567
[2025-10-10 16:30:53] [DBG] [EVT] CALL_END_OK @ 16:20:41
[2025-10-10 16:30:53] [RUN] Terminada RUN_LLAMAR
[2025-10-10 16:30:53] [RUN] Esperando 5.0s...
[2025-10-10 16:30:53] [RUN] Comenzando RUN_LLAMAR para '567'...
[2025-10-10 16:30:53] [DBG] [EVT] CALL_START @ 16:20:48 | to=567
[2025-10-10 16:30:53] [DBG] [EVT] CALL_END_OK @ 16:21:42
[2025-10-10 16:30:53] [RUN] Terminada RUN_LLAMAR
[2025-10-10 16:30:53] [RUN] Esperando 5.0s...
[2025-10-10 16:30:53] [RUN] Comenzando RUN_LLAMAR para '567'...
[2025-10-10 16:30:53] [DBG] [EVT] CALL_START @ 16:21:49 | to=567
[2025-10-10 16:30:53] [DBG] [EVT] CALL_END_OK @ 16:22:43
[2025-10-10 16:30:53] [RUN] Terminada RUN_LLAMAR
[2025-10-10 16:30:53] [RUN] Esperando 5.0s...
[2025-10-10 16:30:53] [RUN] Comenzando RUN_LLAMAR para '567'...
[2025-10-10 16:30:53] [DBG] [EVT] CALL_START @ 16:22:50 | to=567
[2025-10-10 16:30:53] [DBG] [EVT] CALL_END_OK @ 16:23:44
[2025-10-10 16:30:53] [RUN] Terminada RUN_LLAMAR
[2025-10-10 16:30:53] [RUN] Esperando 5.0s...
[2025-10-10 16:30:53] [RUN] Comenzando RUN_LLAMAR para '567'...
[2025-10-10 16:30:53] [DBG] [EVT] CALL_START @ 16:23:51 | to=567
[2025-10-10 16:30:53] [DBG] [EVT] CALL_END_OK @ 16:24:44
[2025-10-10 16:30:53] [RUN] Terminada RUN_LLAMAR
[2025-10-10 16:30:53] [RUN] Esperando 5.0s...
[2025-10-10 16:30:53] [RUN] Comenzando RUN_LLAMAR para '567'...
[2025-10-10 16:30:53] [DBG] [EVT] CALL_START @ 16:24:51 | to=567
[2025-10-10 16:30:53] [DBG] [EVT] CALL_END_OK @ 16:26:03
[2025-10-10 16:30:53] [RUN] Terminada RUN_LLAMAR
[2025-10-10 16:30:53] [RUN] Esperando 5.0s...
[2025-10-10 16:30:53] [RUN] Comenzando RUN_LLAMAR para '567'...
[2025-10-10 16:30:53] [DBG] [EVT] CALL_START @ 16:26:11 | to=567
[2025-10-10 16:30:53] [DBG] [EVT] CALL_END_OK @ 16:27:09
[2025-10-10 16:30:53] [RUN] Terminada RUN_LLAMAR
[2025-10-10 16:30:53] [RUN] Esperando 5.0s...
[2025-10-10 16:30:53] [RUN] Comenzando RUN_LLAMAR para '567'...
[2025-10-10 16:30:53] [DBG] [EVT] CALL_START @ 16:27:16 | to=567
[2025-10-10 16:30:53] [DBG] [EVT] CALL_NO_ANSWER_TIMEOUT @ 16:28:04 | last_phase=UNKNOWN saw_timer=False
[2025-10-10 16:30:53] [RUN] Terminada RUN_LLAMAR
[2025-10-10 16:30:53] [RUN] Esperando 5.0s...
[2025-10-10 16:30:53] [RUN] Comenzando RUN_LLAMAR para '567'...
[2025-10-10 16:30:53] [DBG] [EVT] CALL_START @ 16:28:11 | to=567
[2025-10-10 16:30:53] [DBG] [EVT] CALL_NO_ANSWER_TIMEOUT @ 16:29:00 | last_phase=UNKNOWN saw_timer=False
[2025-10-10 16:30:53] [RUN] Terminada RUN_LLAMAR
[2025-10-10 16:30:53] [RUN] Esperando 5.0s...
[2025-10-10 16:30:53] [RUN] Comenzando RUN_LLAMAR para '567'...
[2025-10-10 16:30:53] [DBG] [EVT] CALL_START @ 16:29:07 | to=567
[2025-10-10 16:30:53] [DBG] [EVT] CALL_NO_ANSWER_TIMEOUT @ 16:29:54 | last_phase=UNKNOWN saw_timer=False
[2025-10-10 16:30:53] [RUN] Terminada RUN_LLAMAR
[2025-10-10 16:30:53] [RUN] Esperando 5.0s...
[2025-10-10 16:30:53] [RUN] Comenzando RUN_LLAMAR para '567'...
[2025-10-10 16:30:53] [DBG] [EVT] CALL_START @ 16:30:01 | to=567
[2025-10-10 16:51:37] [DBG] [EVT] CALL_NO_ANSWER_TIMEOUT @ 16:30:50 | last_phase=UNKNOWN saw_timer=False
[2025-10-10 16:51:37] [RUN] Terminada RUN_LLAMAR
[2025-10-10 16:51:37] [RUN] Esperando 5.0s...
[2025-10-10 16:51:37] [RUN] Comenzando RUN_LLAMAR para '567'...
[2025-10-10 16:51:37] [DBG] [EVT] CALL_START @ 16:30:57 | to=567
[2025-10-10 16:51:37] [DBG] [EVT] CALL_NO_ANSWER_TIMEOUT @ 16:31:46 | last_phase=UNKNOWN saw_timer=False
[2025-10-10 16:51:37] [RUN] Terminada RUN_LLAMAR
[2025-10-10 16:51:37] [RUN] Esperando 5.0s...
[2025-10-10 16:51:37] [RUN] Comenzando RUN_LLAMAR para '567'...
[2025-10-10 16:51:37] [DBG] [EVT] CALL_START @ 16:31:53 | to=567
[2025-10-10 16:51:37] [DBG] [EVT] CALL_NO_ANSWER_TIMEOUT @ 16:32:40 | last_phase=UNKNOWN saw_timer=False
[2025-10-10 16:51:37] [RUN] Terminada RUN_LLAMAR
[2025-10-10 16:51:37] [RUN] Esperando 5.0s...
[2025-10-10 16:51:37] [RUN] Comenzando RUN_LLAMAR para '567'...
[2025-10-10 16:51:37] [DBG] [EVT] CALL_START @ 16:32:47 | to=567
[2025-10-10 16:51:37] [DBG] [EVT] CALL_NO_ANSWER_TIMEOUT @ 16:33:36 | last_phase=UNKNOWN saw_timer=False
[2025-10-10 16:51:37] [RUN] Terminada RUN_LLAMAR
[2025-10-10 16:51:37] [RUN] Esperando 5.0s...
[2025-10-10 16:51:37] [RUN] Comenzando RUN_LLAMAR para '567'...
[2025-10-10 16:51:37] [DBG] [EVT] CALL_START @ 16:33:43 | to=567
[2025-10-10 16:51:37] [DBG] [EVT] CALL_NO_ANSWER_TIMEOUT @ 16:34:32 | last_phase=UNKNOWN saw_timer=False
[2025-10-10 16:51:37] [RUN] Terminada RUN_LLAMAR
[2025-10-10 16:51:37] [RUN] Esperando 5.0s...
[2025-10-10 16:51:37] [RUN] Comenzando RUN_LLAMAR para '567'...
[2025-10-10 16:51:37] [DBG] [EVT] CALL_START @ 16:34:39 | to=567
[2025-10-10 16:51:37] [DBG] [EVT] CALL_NO_ANSWER_TIMEOUT @ 16:35:28 | last_phase=UNKNOWN saw_timer=False
[2025-10-10 16:51:37] [RUN] Terminada RUN_LLAMAR
[2025-10-10 16:51:37] [RUN] Esperando 5.0s...
[2025-10-10 16:51:37] [RUN] Comenzando RUN_LLAMAR para '567'...
[2025-10-10 16:51:37] [DBG] [EVT] CALL_START @ 16:35:35 | to=567
[2025-10-10 16:51:37] [DBG] [EVT] CALL_END_OK @ 16:36:42
[2025-10-10 16:51:37] [RUN] Terminada RUN_LLAMAR
[2025-10-10 16:51:37] [RUN] Esperando 5.0s...
[2025-10-10 16:51:37] [RUN] Comenzando RUN_LLAMAR para '567'...
[2025-10-10 16:51:37] [DBG] [EVT] CALL_START @ 16:36:49 | to=567
[2025-10-10 16:51:37] [DBG] [EVT] CALL_END_OK @ 16:37:45
[2025-10-10 16:51:37] [RUN] Terminada RUN_LLAMAR
[2025-10-10 16:51:37] [RUN] Esperando 5.0s...
[2025-10-10 16:51:37] [RUN] Comenzando RUN_LLAMAR para '567'...
[2025-10-10 16:51:37] [DBG] [EVT] CALL_START @ 16:37:52 | to=567
[2025-10-10 16:51:37] [DBG] [EVT] CALL_NO_ANSWER_TIMEOUT @ 16:38:30 | last_phase=UNKNOWN saw_timer=False
[2025-10-10 16:51:37] [RUN] Terminada RUN_LLAMAR
[2025-10-10 16:51:37] [RUN] Esperando 5.0s...
[2025-10-10 16:51:37] [RUN] Comenzando RUN_LLAMAR para '567'...
[2025-10-10 16:51:37] [DBG] [EVT] CALL_START @ 16:38:38 | to=567
[2025-10-10 16:51:37] [DBG] [EVT] CALL_END_OK @ 16:39:33
[2025-10-10 16:51:37] [RUN] Terminada RUN_LLAMAR
[2025-10-10 16:51:37] [RUN] Esperando 5.0s...
[2025-10-10 16:51:37] [RUN] Comenzando RUN_LLAMAR para '567'...
[2025-10-10 16:51:37] [DBG] [EVT] CALL_START @ 16:39:40 | to=567
[2025-10-10 16:51:37] [DBG] [EVT] CALL_END_OK @ 16:40:33
[2025-10-10 16:51:37] [RUN] Terminada RUN_LLAMAR
[2025-10-10 16:51:37] [RUN] Esperando 5.0s...
[2025-10-10 16:51:37] [RUN] Comenzando RUN_LLAMAR para '567'...
[2025-10-10 16:51:37] [DBG] [EVT] CALL_START @ 16:40:41 | to=567
[2025-10-10 16:51:37] [DBG] [EVT] CALL_END_OK @ 16:41:34
[2025-10-10 16:51:37] [RUN] Terminada RUN_LLAMAR
[2025-10-10 16:51:37] [RUN] Esperando 5.0s...
[2025-10-10 16:51:37] [RUN] Comenzando RUN_LLAMAR para '567'...
[2025-10-10 16:51:37] [DBG] [EVT] CALL_START @ 16:41:41 | to=567
[2025-10-10 16:51:37] [DBG] [EVT] CALL_END_OK @ 16:42:38
[2025-10-10 16:51:37] [RUN] Terminada RUN_LLAMAR
[2025-10-10 16:51:37] [RUN] Esperando 5.0s...
[2025-10-10 16:51:37] [RUN] Comenzando RUN_LLAMAR para '567'...
[2025-10-10 16:51:37] [DBG] [EVT] CALL_START @ 16:42:45 | to=567
[2025-10-10 16:51:37] [DBG] [EVT] CALL_END_OK @ 16:43:37
[2025-10-10 16:51:37] [RUN] Terminada RUN_LLAMAR
[2025-10-10 16:51:37] [RUN] Esperando 5.0s...
[2025-10-10 16:51:37] [RUN] Comenzando RUN_LLAMAR para '567'...
[2025-10-10 16:51:37] [DBG] [EVT] CALL_START @ 16:43:44 | to=567
[2025-10-10 16:51:37] [DBG] [EVT] CALL_END_OK @ 16:44:37
[2025-10-10 16:51:37] [RUN] Terminada RUN_LLAMAR
[2025-10-10 16:51:37] [RUN] Esperando 5.0s...
[2025-10-10 16:51:37] [RUN] Comenzando RUN_LLAMAR para '567'...
[2025-10-10 16:51:37] [DBG] [EVT] CALL_START @ 16:44:44 | to=567
[2025-10-10 16:51:37] [DBG] [EVT] CALL_END_OK @ 16:45:38
[2025-10-10 16:51:37] [RUN] Terminada RUN_LLAMAR
[2025-10-10 16:51:37] [RUN] Esperando 5.0s...
[2025-10-10 16:51:37] [RUN] Comenzando RUN_LLAMAR para '567'...
[2025-10-10 16:51:37] [DBG] [EVT] CALL_START @ 16:45:45 | to=567
[2025-10-10 16:51:37] [DBG] [EVT] CALL_END_OK @ 16:46:46
[2025-10-10 16:51:37] [RUN] Terminada RUN_LLAMAR
[2025-10-10 16:51:37] [RUN] Esperando 5.0s...
[2025-10-10 16:51:37] [RUN] Comenzando RUN_LLAMAR para '567'...
[2025-10-10 16:51:37] [DBG] [EVT] CALL_START @ 16:46:54 | to=567
[2025-10-10 16:51:37] [DBG] [EVT] CALL_END_OK @ 16:48:12
[2025-10-10 16:51:37] [RUN] Terminada RUN_LLAMAR
[2025-10-10 16:51:37] [RUN] Esperando 5.0s...
[2025-10-10 16:51:37] [RUN] Comenzando RUN_LLAMAR para '567'...
[2025-10-10 16:51:37] [DBG] [EVT] CALL_START @ 16:48:19 | to=567
[2025-10-10 16:51:37] [DBG] [EVT] CALL_NO_ANSWER_TIMEOUT @ 16:49:07 | last_phase=UNKNOWN saw_timer=False
[2025-10-10 16:51:37] [RUN] Terminada RUN_LLAMAR
[2025-10-10 16:51:37] [RUN] Esperando 5.0s...
[2025-10-10 16:51:37] [RUN] Comenzando RUN_LLAMAR para '567'...
[2025-10-10 16:51:37] [DBG] [EVT] CALL_START @ 16:49:14 | to=567
[2025-10-10 16:51:37] [DBG] [EVT] CALL_NO_ANSWER_TIMEOUT @ 16:50:01 | last_phase=UNKNOWN saw_timer=False
[2025-10-10 16:51:37] [RUN] Terminada RUN_LLAMAR
[2025-10-10 16:51:37] [RUN] Esperando 5.0s...
[2025-10-10 16:51:37] [RUN] Comenzando RUN_LLAMAR para '567'...
[2025-10-10 16:51:37] [DBG] [EVT] CALL_START @ 16:50:08 | to=567
[2025-10-10 16:51:37] [DBG] [EVT] CALL_NO_ANSWER_TIMEOUT @ 16:50:47 | last_phase=UNKNOWN saw_timer=False
[2025-10-10 16:51:37] [RUN] Terminada RUN_LLAMAR
[2025-10-10 16:51:37] [RUN] Esperando 5.0s...
[2025-10-10 16:51:37] [RUN] Comenzando RUN_LLAMAR para '567'...
[2025-10-10 16:51:37] [DBG] [EVT] CALL_START @ 16:50:54 | to=567
[2025-10-10 17:13:57] [DBG] [EVT] CALL_NO_ANSWER_TIMEOUT @ 16:51:34 | last_phase=UNKNOWN saw_timer=False
[2025-10-10 17:13:57] [RUN] Terminada RUN_LLAMAR
[2025-10-10 17:13:57] [RUN] Esperando 5.0s...
[2025-10-10 17:13:57] [RUN] Comenzando RUN_LLAMAR para '567'...
[2025-10-10 17:13:57] [DBG] [EVT] CALL_START @ 16:51:41 | to=567
[2025-10-10 17:13:57] [DBG] [EVT] CALL_NO_ANSWER_TIMEOUT @ 16:52:28 | last_phase=UNKNOWN saw_timer=False
[2025-10-10 17:13:57] [RUN] Terminada RUN_LLAMAR
[2025-10-10 17:13:57] [RUN] Esperando 5.0s...
[2025-10-10 17:13:57] [RUN] Comenzando RUN_LLAMAR para '567'...
[2025-10-10 17:13:57] [DBG] [EVT] CALL_START @ 16:52:36 | to=567
[2025-10-10 17:13:57] [DBG] [EVT] CALL_END_OK @ 16:53:29
[2025-10-10 17:13:57] [RUN] Terminada RUN_LLAMAR
[2025-10-10 17:13:57] [RUN] Esperando 5.0s...
[2025-10-10 17:13:57] [RUN] Comenzando RUN_LLAMAR para '567'...
[2025-10-10 17:13:57] [DBG] [EVT] CALL_START @ 16:53:36 | to=567
[2025-10-10 17:13:57] [DBG] [EVT] CALL_END_OK @ 16:54:29
[2025-10-10 17:13:57] [RUN] Terminada RUN_LLAMAR
[2025-10-10 17:13:57] [RUN] Esperando 5.0s...
[2025-10-10 17:13:57] [RUN] Comenzando RUN_LLAMAR para '567'...
[2025-10-10 17:13:57] [DBG] [EVT] CALL_START @ 16:54:36 | to=567
[2025-10-10 17:13:57] [DBG] [EVT] CALL_END_OK @ 16:55:29
[2025-10-10 17:13:57] [RUN] Terminada RUN_LLAMAR
[2025-10-10 17:13:57] [RUN] Esperando 5.0s...
[2025-10-10 17:13:57] [RUN] Comenzando RUN_LLAMAR para '567'...
[2025-10-10 17:13:57] [DBG] [EVT] CALL_START @ 16:55:36 | to=567
[2025-10-10 17:13:57] [DBG] [EVT] CALL_END_OK @ 16:56:29
[2025-10-10 17:13:57] [RUN] Terminada RUN_LLAMAR
[2025-10-10 17:13:57] [RUN] Esperando 5.0s...
[2025-10-10 17:13:57] [RUN] Comenzando RUN_LLAMAR para '567'...
[2025-10-10 17:13:57] [DBG] [EVT] CALL_START @ 16:56:36 | to=567
[2025-10-10 17:13:57] [DBG] [EVT] CALL_END_OK @ 16:57:50
[2025-10-10 17:13:57] [RUN] Terminada RUN_LLAMAR
[2025-10-10 17:13:57] [RUN] Esperando 5.0s...
[2025-10-10 17:13:57] [RUN] Comenzando RUN_LLAMAR para '567'...
[2025-10-10 17:13:57] [DBG] [EVT] CALL_START @ 16:57:58 | to=567
[2025-10-10 17:13:57] [DBG] [EVT] CALL_END_OK @ 16:58:51
[2025-10-10 17:13:57] [RUN] Terminada RUN_LLAMAR
[2025-10-10 17:13:57] [RUN] Esperando 5.0s...
[2025-10-10 17:13:57] [RUN] Comenzando RUN_LLAMAR para '567'...
[2025-10-10 17:13:57] [DBG] [EVT] CALL_START @ 16:58:58 | to=567
[2025-10-10 17:13:57] [DBG] [EVT] CALL_END_OK @ 16:59:51
[2025-10-10 17:13:57] [RUN] Terminada RUN_LLAMAR
[2025-10-10 17:13:57] [RUN] Esperando 5.0s...
[2025-10-10 17:13:57] [RUN] Comenzando RUN_LLAMAR para '567'...
[2025-10-10 17:13:57] [DBG] [EVT] CALL_START @ 16:59:58 | to=567
[2025-10-10 17:13:57] [DBG] [EVT] CALL_END_OK @ 17:00:50
[2025-10-10 17:13:57] [RUN] Terminada RUN_LLAMAR
[2025-10-10 17:13:57] [RUN] Esperando 5.0s...
[2025-10-10 17:13:57] [RUN] Comenzando RUN_LLAMAR para '567'...
[2025-10-10 17:13:57] [DBG] [EVT] CALL_START @ 17:00:57 | to=567
[2025-10-10 17:13:57] [DBG] [EVT] CALL_END_OK @ 17:01:51
[2025-10-10 17:13:57] [RUN] Terminada RUN_LLAMAR
[2025-10-10 17:13:57] [RUN] Esperando 5.0s...
[2025-10-10 17:13:57] [RUN] Comenzando RUN_LLAMAR para '567'...
[2025-10-10 17:13:57] [DBG] [EVT] CALL_START @ 17:01:58 | to=567
[2025-10-10 17:13:57] [DBG] [EVT] CALL_DROP @ 17:02:37
[2025-10-10 17:13:57] [RUN] Terminada RUN_LLAMAR
[2025-10-10 17:13:57] [RUN] Esperando 5.0s...
[2025-10-10 17:13:57] [RUN] Comenzando RUN_LLAMAR para '567'...
[2025-10-10 17:13:57] [DBG] [EVT] CALL_START @ 17:02:45 | to=567
[2025-10-10 17:13:57] [DBG] [EVT] CALL_END_OK @ 17:03:47
[2025-10-10 17:13:57] [RUN] Terminada RUN_LLAMAR
[2025-10-10 17:13:57] [RUN] Esperando 5.0s...
[2025-10-10 17:13:57] [RUN] Comenzando RUN_LLAMAR para '567'...
[2025-10-10 17:13:57] [DBG] [EVT] CALL_START @ 17:03:54 | to=567
[2025-10-10 17:13:57] [DBG] [EVT] CALL_END_OK @ 17:04:47
[2025-10-10 17:13:57] [RUN] Terminada RUN_LLAMAR
[2025-10-10 17:13:57] [RUN] Esperando 5.0s...
[2025-10-10 17:13:57] [RUN] Comenzando RUN_LLAMAR para '567'...
[2025-10-10 17:13:57] [DBG] [EVT] CALL_START @ 17:04:55 | to=567
[2025-10-10 17:13:57] [DBG] [EVT] CALL_END_OK @ 17:05:47
[2025-10-10 17:13:57] [RUN] Terminada RUN_LLAMAR
[2025-10-10 17:13:57] [RUN] Esperando 5.0s...
[2025-10-10 17:13:57] [RUN] Comenzando RUN_LLAMAR para '567'...
[2025-10-10 17:13:57] [DBG] [EVT] CALL_START @ 17:05:54 | to=567
[2025-10-10 17:13:57] [DBG] [EVT] CALL_END_OK @ 17:06:47
[2025-10-10 17:13:57] [RUN] Terminada RUN_LLAMAR
[2025-10-10 17:13:57] [RUN] Esperando 5.0s...
[2025-10-10 17:13:57] [RUN] Comenzando RUN_LLAMAR para '567'...
[2025-10-10 17:13:57] [DBG] [EVT] CALL_START @ 17:06:54 | to=567
[2025-10-10 17:13:57] [DBG] [EVT] CALL_END_OK @ 17:07:54
[2025-10-10 17:13:57] [RUN] Terminada RUN_LLAMAR
[2025-10-10 17:13:57] [RUN] Esperando 5.0s...
[2025-10-10 17:13:57] [RUN] Comenzando RUN_LLAMAR para '567'...
[2025-10-10 17:13:57] [DBG] [EVT] CALL_START @ 17:08:01 | to=567
[2025-10-10 17:13:57] [DBG] [EVT] CALL_END_OK @ 17:08:54
[2025-10-10 17:13:57] [RUN] Terminada RUN_LLAMAR
[2025-10-10 17:13:57] [RUN] Esperando 5.0s...
[2025-10-10 17:13:57] [RUN] Comenzando RUN_LLAMAR para '567'...
[2025-10-10 17:13:57] [DBG] [EVT] CALL_START @ 17:09:01 | to=567
[2025-10-10 17:13:57] [DBG] [EVT] CALL_NO_ANSWER_TIMEOUT @ 17:09:49 | last_phase=UNKNOWN saw_timer=False
[2025-10-10 17:13:57] [RUN] Terminada RUN_LLAMAR
[2025-10-10 17:13:57] [RUN] Esperando 5.0s...
[2025-10-10 17:13:57] [RUN] Comenzando RUN_LLAMAR para '567'...
[2025-10-10 17:13:57] [DBG] [EVT] CALL_START @ 17:09:56 | to=567
[2025-10-10 17:13:57] [DBG] [EVT] CALL_NO_ANSWER_TIMEOUT @ 17:10:44 | last_phase=UNKNOWN saw_timer=False
[2025-10-10 17:13:57] [RUN] Terminada RUN_LLAMAR
[2025-10-10 17:13:57] [RUN] Esperando 5.0s...
[2025-10-10 17:13:57] [RUN] Comenzando RUN_LLAMAR para '567'...
[2025-10-10 17:13:57] [DBG] [EVT] CALL_START @ 17:10:51 | to=567
[2025-10-10 17:13:57] [DBG] [EVT] CALL_NO_ANSWER_TIMEOUT @ 17:11:40 | last_phase=UNKNOWN saw_timer=False
[2025-10-10 17:13:57] [RUN] Terminada RUN_LLAMAR
[2025-10-10 17:13:57] [RUN] Esperando 5.0s...
[2025-10-10 17:13:57] [RUN] Comenzando RUN_LLAMAR para '567'...
[2025-10-10 17:13:57] [DBG] [EVT] CALL_START @ 17:11:47 | to=567
[2025-10-10 17:13:57] [DBG] [EVT] CALL_END_OK @ 17:12:47
[2025-10-10 17:13:57] [RUN] Terminada RUN_LLAMAR
[2025-10-10 17:13:57] [RUN] Esperando 5.0s...
[2025-10-10 17:13:57] [RUN] Comenzando RUN_LLAMAR para '567'...
[2025-10-10 17:13:57] [DBG] [EVT] CALL_START @ 17:12:54 | to=567
[2025-10-10 17:13:57] [DBG] [EVT] CALL_END_OK @ 17:13:47
[2025-10-10 17:13:57] [RUN] Terminada RUN_LLAMAR
[2025-10-10 17:13:57] [RUN] Esperando 5.0s...
